[
    {
        "id": 1,
        "plate": "DW 12345",
        "model": "Toyota Avensis"
    },
    {
        "id": 2,
        "plate": "SB 98765",
        "model": "Mercedes-Benz"
    }
]