{
    "id": 1,
    "birthDate": "1962-03-11T00:00:00",
    "firstName": "Thomas",
    "lastName": "Anderson",
    "gender": "M"
}